Microchip MPLAB XC8 Compiler V2.32

Linker command line:

-W-3 --edf=C:\Program Files\Microchip\xc8\v2.32\pic\dat\en_msgs.txt \
  -pivt0x8=08h -cn \
  -h+dist/default/production\Salve_Node_K42.X.production.sym \
  --cmf=dist/default/production\Salve_Node_K42.X.production.cmf -z \
  -Q18F45K42 -oC:\Users\thien\AppData\Local\Temp\xcAs8q8.4 \
  --defsym=__MPLAB_BUILD=1 \
  -Mdist/default/production/Salve_Node_K42.X.production.map -E1 \
  -ver=XC8 Compiler --acfsm=1493 -ASTACK=0701h-07FFh -pstack=STACK \
  -ACODE=00h-07FFFh -ACONST=00h-07FFFh -ASMALLCONST=0800h-08FFhx120 \
  -AMEDIUMCONST=0800h-07FFFh -ACOMRAM=01h-05Fh -AABS1=00h-07FFh \
  -ABIGRAM=01h-07FFh -ARAM=060h-0FFh,0100h-01FFhx7 -ABANK0=060h-0FFh \
  -ABANK1=0100h-01FFh -ABANK2=0200h-02FFh -ABANK3=0300h-03FFh \
  -ABANK4=0400h-04FFh -ABANK5=0500h-05FFh -ABANK6=0600h-06FFh \
  -ABANK7=0700h-07FFh -ASFR=03800h-038FFhx7,03F00h-03F5Fh,03F60h-03FFFh \
  -ACONFIG=0300000h-0300009h -AIDLOC=0200000h-020000Fh \
  -AEEDATA=0310000h-03100FFh -peeprom_data=EEDATA -preset_vec=00h \
  -ppowerup=CODE,init -pramtop=0800h -psmallconst=SMALLCONST \
  -pmediumconst=MEDIUMCONST -pconst=CONST -AFARRAM=00h-00h \
  -prdata=COMRAM,nvrram=COMRAM,nvbit=COMRAM,rbss=COMRAM,rbit=COMRAM \
  -pfarbss=FARRAM,fardata=FARRAM,nvFARRAM=FARRAM \
  -pintsave_regs=BIGRAM,bigbss=BIGRAM,bigdata=BIGRAM -pbss=RAM \
  -pidata=CODE,irdata=CODE,ibigdata=CODE,ifardata=CODE -prparam=COMRAM \
  C:\Users\thien\AppData\Local\Temp\xcAs8q8.o \
  dist/default/production\Salve_Node_K42.X.production.o 

Object code version is 3.11

Machine type is 18F45K42



                Name                               Link     Load   Length Selector   Space Scale
C:\Users\thien\AppData\Local\Temp\xcAs8q8.o
                idloc                            200000   200000       10        0       5
                config                           300000   300000        A        0       4
                init                                 1C       1C        4        4       0
                reset_vec                             0        0        4        0       0
dist/default/production\Salve_Node_K42.X.production.o
                idloc                            200000   200000       10        0       5
                config                           300000   300000        A        0       4
                mediumconst                        7DBE     7DBE      242     3EDF       0
                ivt0x8                                8        8       14        4       0
                text146                            16C6     16C6       32        4       0
                text145                            191C     191C       1A        4       0
                text144                             36E      36E       E8        4       0
                text143                            1C6C     1C6C        A        4       0
                text142                            17A0     17A0       28        4       0
                text141                            1D26     1D26        6        4       0
                text140                            1D20     1D20        6        4       0
                text139                            1D1A     1D1A        6        4       0
                text138                            1AC8     1AC8       16        4       0
                text137                            1AB2     1AB2       16        4       0
                text136                            1A9C     1A9C       16        4       0
                text135                            136E     136E       52        4       0
                text134                            1D38     1D38        4        4       0
                text133                            1D34     1D34        4        4       0
                text132                            1C62     1C62        A        4       0
                text131                            1D14     1D14        6        4       0
                text130                            1D0E     1D0E        6        4       0
                text129                            1C58     1C58        A        4       0
                text128                            1C4E     1C4E        A        4       0
                text127                            1CA6     1CA6        8        4       0
                text126                            1D08     1D08        6        4       0
                text125                            1A86     1A86       16        4       0
                text124                            1D02     1D02        6        4       0
                text123                            1CFC     1CFC        6        4       0
                text122                            1CF6     1CF6        6        4       0
                text121                            1CF0     1CF0        6        4       0
                text120                            1A70     1A70       16        4       0
                text119                            1A5A     1A5A       16        4       0
                text118                            1C9E     1C9E        8        4       0
                text117                            1BC0     1BC0        C        4       0
                text116                            16F8     16F8       2E        4       0
                text115                            1A44     1A44       16        4       0
                text114                             150      150      126        4       0
                text113                             A74      A74       9E        4       0
                text112                             DAE      DAE       7E        4       0
                text111                             9D0      9D0       A4        4       0
                text110                            1BB2     1BB2        E        4       0
                text109                            1D30     1D30        4        4       0
                text108                            1D2C     1D2C        4        4       0
                text107                            1778     1778       28        4       0
                text106                            1C96     1C96        8        4       0
                text105                            1BA4     1BA4        E        4       0
                text104                            1C8E     1C8E        8        4       0
                text103                            1B5C     1B5C       10        4       0
                text102                            1010     1010       6E        4       0
                text101                             F9A      F9A       76        4       0
                text100                            1B4C     1B4C       10        4       0
                text99                             10E8     10E8       6A        4       0
                text98                             1CEA     1CEA        6        4       0
                text97                              6FC      6FC       C8        4       0
                text96                             1CE4     1CE4        6        4       0
                text95                             1CDE     1CDE        6        4       0
                text94                             1CD8     1CD8        6        4       0
                text93                             1A2E     1A2E       16        4       0
                text92                             1A18     1A18       16        4       0
                text91                             1A02     1A02       16        4       0
                text90                             131C     131C       52        4       0
                text89                             1B96     1B96        E        4       0
                text88                             1B88     1B88        E        4       0
                text87                             1C44     1C44        A        4       0
                text86                             1CD2     1CD2        6        4       0
                text85                             1CCC     1CCC        6        4       0
                text84                             1C3A     1C3A        A        4       0
                text83                             1C30     1C30        A        4       0
                text82                             1C86     1C86        8        4       0
                text81                             1CC6     1CC6        6        4       0
                text80                             19EC     19EC       16        4       0
                text79                             1CC0     1CC0        6        4       0
                text78                             1CBA     1CBA        6        4       0
                text77                             1CB4     1CB4        6        4       0
                text76                             1CAE     1CAE        6        4       0
                text75                             19D6     19D6       16        4       0
                text74                             19C0     19C0       16        4       0
                text73                             1B2A     1B2A       12        4       0
                text72                             19AA     19AA       16        4       0
                text71                             15F4     15F4       38        4       0
                text70                             1874     1874       20        4       0
                text69                               20       20      130        4       0
                text68                              928      928       A8        4       0
                text67                              BA2      BA2       88        4       0
                text66                              87A      87A       AE        4       0
                text65                             1966     1966       18        4       0
                text64                             1B7A     1B7A        E        4       0
                text63                             1B6C     1B6C        E        4       0
                text62                             1694     1694       32        4       0
                text61                             1B18     1B18       12        4       0
                text60                             194E     194E       18        4       0
                text59                             1B06     1B06       12        4       0
                text58                             1902     1902       1A        4       0
                text57                              F22      F22       78        4       0
                text56                              D2E      D2E       80        4       0
                text55                             18E8     18E8       1A        4       0
                text54                             107E     107E       6A        4       0
                text53                             1B3C     1B3C       10        4       0
                text52                             1D42     1D42        2      EA0       0
                text51                             12C8     12C8       54        4       0
                text50                             1AF2     1AF2       14        4       0
                text49                             1662     1662       32        4       0
                text48                             18CE     18CE       1A        4       0
                text47                              456      456       E6        4       0
                text46                             1C26     1C26        A        4       0
                text45                             1750     1750       28        4       0
                text44                              276      276       F8        4       0
                text43                             1832     1832       22        4       0
                text42                             1ADE     1ADE       14        4       0
                text41                             1936     1936       18        4       0
                text40                              7C4      7C4       B6        4       0
                text39                             17EC     17EC       24        4       0
                text38                             1C1C     1C1C        A        4       0
                text37                             149A     149A       40        4       0
                text36                             1C12     1C12        A        4       0
                text35                             1C08     1C08        A        4       0
                text34                             1BFE     1BFE        A        4       0
                text33                             1BF4     1BF4        A        4       0
                text32                              B12      B12       90        4       0
                text31                             1BEA     1BEA        A        4       0
                text30                             1BE0     1BE0        A        4       0
                text29                             1BD6     1BD6        A        4       0
                text28                             1BCC     1BCC        A        4       0
                text27                              C2A      C2A       84        4       0
                text26                             1810     1810       22        4       0
                text25                             140C     140C       4A        4       0
                text24                              53C      53C       E4        4       0
                text23                             14DA     14DA       3A        4       0
                text22                             1C7E     1C7E        8        4       0
                text21                             1994     1994       16        4       0
                text20                             11BA     11BA       62        4       0
                text19                             162C     162C       36        4       0
                text18                             197E     197E       16        4       0
                text17                             1726     1726       2A        4       0
                text16                             1C76     1C76        8        4       0
                text15                              E2C      E2C       7C        4       0
                text14                             17C8     17C8       24        4       0
                text13                             1854     1854       20        4       0
                text12                             1894     1894       1E        4       0
                text11                             1152     1152       68        4       0
                text10                             1456     1456       44        4       0
                text9                              13C0     13C0       4C        4       0
                text8                              1272     1272       56        4       0
                text7                              121C     121C       56        4       0
                text6                               CAE      CAE       80        4       0
                text5                              15BC     15BC       38        4       0
                text4                              1584     1584       38        4       0
                text3                              154C     154C       38        4       0
                text2                              1514     1514       38        4       0
                text1                              1D40     1D40        2      EA0       0
                text0                               EA8      EA8       7A        4       0
                cstackCOMRAM                         30       30       19        1       1
                cstackBANK0                          FF       FF        1       60       1
                cstackBANK2                         2FA      2FA        4      200       1
                cstackBANK3                         380      380        F      300       1
                bssBIGRAM                           5FE      5FE      103      5FE       1
                bssBANK5                            500      500       FE      500       1
                bssBANK4                            400      400       C8      400       1
                bssBANK3                            300      300       80      300       1
                bssBANK2                            200      200       FA      200       1
                dataBANK1                           1DC      1DC       1C      100       1
                bssBANK1                            100      100       DC      100       1
                dataBANK0                            FC       FC        3       60       1
                bssBANK0                             60       60       92       60       1
                dataCOMRAM                           4B       4B        1        1       1
                bssCOMRAM                             1        1       2F        1       1
                cinit                               620      620       DC        4       0
                nvBANK2                             2FE      2FE        2      200       1
                nvBANK1                             1F8      1F8        8      100       1
                nvBANK0                              F2       F2        A       60       1
                nvCOMRAM                             49       49        2        1       1
                idataBANK1                         18B2     18B2       1C        4       0
                idataBANK0                         1D3C     1D3C        3        4       0
                idataCOMRAM                        1D44     1D44        1      EA0       0

TOTAL           Name                               Link     Load   Length     Space
        CLASS   STACK          

        CLASS   CODE           
                init                                 1C       1C        4         0
                reset_vec                             0        0        4         0
                ivt0x8                                8        8       14         0
                text146                            16C6     16C6       32         0
                text145                            191C     191C       1A         0
                text144                             36E      36E       E8         0
                text143                            1C6C     1C6C        A         0
                text142                            17A0     17A0       28         0
                text141                            1D26     1D26        6         0
                text140                            1D20     1D20        6         0
                text139                            1D1A     1D1A        6         0
                text138                            1AC8     1AC8       16         0
                text137                            1AB2     1AB2       16         0
                text136                            1A9C     1A9C       16         0
                text135                            136E     136E       52         0
                text134                            1D38     1D38        4         0
                text133                            1D34     1D34        4         0
                text132                            1C62     1C62        A         0
                text131                            1D14     1D14        6         0
                text130                            1D0E     1D0E        6         0
                text129                            1C58     1C58        A         0
                text128                            1C4E     1C4E        A         0
                text127                            1CA6     1CA6        8         0
                text126                            1D08     1D08        6         0
                text125                            1A86     1A86       16         0
                text124                            1D02     1D02        6         0
                text123                            1CFC     1CFC        6         0
                text122                            1CF6     1CF6        6         0
                text121                            1CF0     1CF0        6         0
                text120                            1A70     1A70       16         0
                text119                            1A5A     1A5A       16         0
                text118                            1C9E     1C9E        8         0
                text117                            1BC0     1BC0        C         0
                text116                            16F8     16F8       2E         0
                text115                            1A44     1A44       16         0
                text114                             150      150      126         0
                text113                             A74      A74       9E         0
                text112                             DAE      DAE       7E         0
                text111                             9D0      9D0       A4         0
                text110                            1BB2     1BB2        E         0
                text109                            1D30     1D30        4         0
                text108                            1D2C     1D2C        4         0
                text107                            1778     1778       28         0
                text106                            1C96     1C96        8         0
                text105                            1BA4     1BA4        E         0
                text104                            1C8E     1C8E        8         0
                text103                            1B5C     1B5C       10         0
                text102                            1010     1010       6E         0
                text101                             F9A      F9A       76         0
                text100                            1B4C     1B4C       10         0
                text99                             10E8     10E8       6A         0
                text98                             1CEA     1CEA        6         0
                text97                              6FC      6FC       C8         0
                text96                             1CE4     1CE4        6         0
                text95                             1CDE     1CDE        6         0
                text94                             1CD8     1CD8        6         0
                text93                             1A2E     1A2E       16         0
                text92                             1A18     1A18       16         0
                text91                             1A02     1A02       16         0
                text90                             131C     131C       52         0
                text89                             1B96     1B96        E         0
                text88                             1B88     1B88        E         0
                text87                             1C44     1C44        A         0
                text86                             1CD2     1CD2        6         0
                text85                             1CCC     1CCC        6         0
                text84                             1C3A     1C3A        A         0
                text83                             1C30     1C30        A         0
                text82                             1C86     1C86        8         0
                text81                             1CC6     1CC6        6         0
                text80                             19EC     19EC       16         0
                text79                             1CC0     1CC0        6         0
                text78                             1CBA     1CBA        6         0
                text77                             1CB4     1CB4        6         0
                text76                             1CAE     1CAE        6         0
                text75                             19D6     19D6       16         0
                text74                             19C0     19C0       16         0
                text73                             1B2A     1B2A       12         0
                text72                             19AA     19AA       16         0
                text71                             15F4     15F4       38         0
                text70                             1874     1874       20         0
                text69                               20       20      130         0
                text68                              928      928       A8         0
                text67                              BA2      BA2       88         0
                text66                              87A      87A       AE         0
                text65                             1966     1966       18         0
                text64                             1B7A     1B7A        E         0
                text63                             1B6C     1B6C        E         0
                text62                             1694     1694       32         0
                text61                             1B18     1B18       12         0
                text60                             194E     194E       18         0
                text59                             1B06     1B06       12         0
                text58                             1902     1902       1A         0
                text57                              F22      F22       78         0
                text56                              D2E      D2E       80         0
                text55                             18E8     18E8       1A         0
                text54                             107E     107E       6A         0
                text53                             1B3C     1B3C       10         0
                text52                             1D42     1D42        2         0
                text51                             12C8     12C8       54         0
                text50                             1AF2     1AF2       14         0
                text49                             1662     1662       32         0
                text48                             18CE     18CE       1A         0
                text47                              456      456       E6         0
                text46                             1C26     1C26        A         0
                text45                             1750     1750       28         0
                text44                              276      276       F8         0
                text43                             1832     1832       22         0
                text42                             1ADE     1ADE       14         0
                text41                             1936     1936       18         0
                text40                              7C4      7C4       B6         0
                text39                             17EC     17EC       24         0
                text38                             1C1C     1C1C        A         0
                text37                             149A     149A       40         0
                text36                             1C12     1C12        A         0
                text35                             1C08     1C08        A         0
                text34                             1BFE     1BFE        A         0
                text33                             1BF4     1BF4        A         0
                text32                              B12      B12       90         0
                text31                             1BEA     1BEA        A         0
                text30                             1BE0     1BE0        A         0
                text29                             1BD6     1BD6        A         0
                text28                             1BCC     1BCC        A         0
                text27                              C2A      C2A       84         0
                text26                             1810     1810       22         0
                text25                             140C     140C       4A         0
                text24                              53C      53C       E4         0
                text23                             14DA     14DA       3A         0
                text22                             1C7E     1C7E        8         0
                text21                             1994     1994       16         0
                text20                             11BA     11BA       62         0
                text19                             162C     162C       36         0
                text18                             197E     197E       16         0
                text17                             1726     1726       2A         0
                text16                             1C76     1C76        8         0
                text15                              E2C      E2C       7C         0
                text14                             17C8     17C8       24         0
                text13                             1854     1854       20         0
                text12                             1894     1894       1E         0
                text11                             1152     1152       68         0
                text10                             1456     1456       44         0
                text9                              13C0     13C0       4C         0
                text8                              1272     1272       56         0
                text7                              121C     121C       56         0
                text6                               CAE      CAE       80         0
                text5                              15BC     15BC       38         0
                text4                              1584     1584       38         0
                text3                              154C     154C       38         0
                text2                              1514     1514       38         0
                text1                              1D40     1D40        2         0
                text0                               EA8      EA8       7A         0
                cinit                               620      620       DC         0
                idataBANK1                         18B2     18B2       1C         0
                idataBANK0                         1D3C     1D3C        3         0
                idataCOMRAM                        1D44     1D44        1         0

        CLASS   CONST          

        CLASS   SMALLCONST     

        CLASS   MEDIUMCONST    
                mediumconst                        7DBE     7DBE      242         0

        CLASS   COMRAM         
                cstackCOMRAM                         30       30       19         1
                dataCOMRAM                           4B       4B        1         1
                bssCOMRAM                             1        1       2F         1
                nvCOMRAM                             49       49        2         1

        CLASS   ABS1           

        CLASS   BIGRAM         
                bssBIGRAM                           5FE      5FE      103         1

        CLASS   RAM            

        CLASS   BANK0          
                cstackBANK0                          FF       FF        1         1
                dataBANK0                            FC       FC        3         1
                bssBANK0                             60       60       92         1
                nvBANK0                              F2       F2        A         1

        CLASS   BANK1          
                dataBANK1                           1DC      1DC       1C         1
                bssBANK1                            100      100       DC         1
                nvBANK1                             1F8      1F8        8         1

        CLASS   BANK2          
                cstackBANK2                         2FA      2FA        4         1
                bssBANK2                            200      200       FA         1
                nvBANK2                             2FE      2FE        2         1

        CLASS   BANK3          
                cstackBANK3                         380      380        F         1
                bssBANK3                            300      300       80         1

        CLASS   BANK4          
                bssBANK4                            400      400       C8         1

        CLASS   BANK5          
                bssBANK5                            500      500       FE         1

        CLASS   BANK6          

        CLASS   BANK7          

        CLASS   SFR            

        CLASS   CONFIG         
                config                           300000   300000        A         4

        CLASS   IDLOC          
                idloc                            200000   200000       10         5

        CLASS   EEDATA         

        CLASS   FARRAM         



SEGMENTS        Name                           Load    Length   Top    Selector   Space  Class

                reset_vec                      000000  000004  000004         0       0  CODE    
                bssCOMRAM                      000001  00004B  00004C         1       1  COMRAM  
                ivt0x8                         000008  001D37  001D3F         4       0  CODE    
                bssBANK0                       000060  0000A0  000100        60       1  BANK0   
                bssBANK1                       000100  000100  000200       100       1  BANK1   
                bssBANK2                       000200  000100  000300       200       1  BANK2   
                bssBANK3                       000300  00008F  00038F       300       1  BANK3   
                bssBANK4                       000400  0000C8  0004C8       400       1  BANK4   
                bssBANK5                       000500  0000FE  0005FE       500       1  BANK5   
                bssBIGRAM                      0005FE  000103  000701       5FE       1  BIGRAM  
                text1                          001D40  000005  001D45       EA0       0  CODE    
                mediumconst                    007DBE  000242  008000      3EDF       0  MEDIUMCO


UNUSED ADDRESS RANGES

        Name                Unused          Largest block    Delta
        BANK3            00038F-0003FF               71
        BANK4            0004C8-0004FF               38
        BANK7            000701-0007FF               FF
        BIGRAM           00004C-00005F               14
                         00038F-0003FF               71
                         0004C8-0004FF               38
                         000701-0007FF               FF
        CODE             000004-000007                4
                         001D3F-001D3F                1
                         001D45-007DBD             6079
        COMRAM           00004C-00005F               14
        CONST            000004-000007                4
                         001D3F-001D3F                1
                         001D45-007DBD             6079
        EEDATA           310000-3100FF              100
        MEDIUMCONST      001D3F-001D3F                1
                         001D45-007DBD             6079
        RAM              00038F-0003FF               71
                         0004C8-0004FF               38
                         000701-0007FF               FF
        SFR              003800-003FFF              100
        SMALLCONST       001D3F-001D3F                1
                         001D45-007DBD              100
        STACK            000701-0007FF               FF

                                  Symbol Table

?___awdiv                                              cstackBANK2  0002FA
?_make16                                               cstackBANK2  0002FA
I2C2_CallbackReturnReset@funPtr                        cstackCOMRAM 00003C
I2C2_DO_RX@retFsmState                                 cstackCOMRAM 000042
I2C2_DO_TX@dataTx                                      cstackCOMRAM 000042
I2C2_DO_TX@retFsmState                                 cstackCOMRAM 000043
I2C2_MasterSendTxData@i2c2_master$F3095@data           cstackCOMRAM 00003C
I2C2_MasterSetCounter@counter                          cstackCOMRAM 00003C
INTSTAT_ADDR                                           (abs)        0000D3
IVTBASEH                                               (abs)        003FD6
IVTBASEL                                               (abs)        003FD5
IVTBASEU                                               (abs)        003FD7
TMR0_SetInterruptHandler@InterruptHandler              cstackBANK2  0002FA
UART1_SetErrorHandler@interruptHandler                 cstackBANK2  0002FA
UART1_SetFramingErrorHandler@interruptHandler          cstackBANK2  0002FA
UART1_SetOverrunErrorHandler@interruptHandler          cstackBANK2  0002FA
UART1_SetRxInterruptHandler@InterruptHandler           cstackBANK2  0002FA
UART1_Write@t                                          cstackBANK2  0002FB
UART1_Write@txData                                     cstackBANK2  0002FA
UART2_SetErrorHandler@interruptHandler                 cstackBANK2  0002FA
UART2_SetFramingErrorHandler@interruptHandler          cstackBANK2  0002FA
UART2_SetOverrunErrorHandler@interruptHandler          cstackBANK2  0002FA
UART2_SetRxInterruptHandler@InterruptHandler           cstackBANK2  0002FA
UART2_Write@t                                          cstackBANK2  0002FB
UART2_Write@txData                                     cstackBANK2  0002FA
_ANSELA                                                (abs)        003A40
_ANSELAbits                                            (abs)        003A40
_ANSELB                                                (abs)        003A50
_ANSELBbits                                            (abs)        003A50
_ANSELC                                                (abs)        003A60
_ANSELD                                                (abs)        003A70
_ANSELE                                                (abs)        003A80
_C                                                     bssBANK0     0000CD
_DELTA                                                 mediumconst  007FE5
_I2C1CON0bits                                          (abs)        003D73
_I2C1CON1bits                                          (abs)        003D74
_I2C1PIRbits                                           (abs)        003D79
_I2C2CLK                                               (abs)        003D65
_I2C2CNT                                               (abs)        003D56
_I2C2CON0                                              (abs)        003D5D
_I2C2CON0bits                                          (abs)        003D5D
_I2C2CON1                                              (abs)        003D5E
_I2C2CON1bits                                          (abs)        003D5E
_I2C2CON2                                              (abs)        003D5F
_I2C2ERR                                               (abs)        003D60
_I2C2ERRbits                                           (abs)        003D60
_I2C2PIE                                               (abs)        003D64
_I2C2PIEbits                                           (abs)        003D64
_I2C2PIR                                               (abs)        003D63
_I2C2PIRbits                                           (abs)        003D63
_I2C2RXB                                               (abs)        003D54
_I2C2SCLPPS                                            (abs)        003AE3
_I2C2SDAPPS                                            (abs)        003AE4
_I2C2STAT1bits                                         (abs)        003D62
_I2C2TXB                                               (abs)        003D55
_I2C2_CallbackReturnReset                              text88       001B88
_I2C2_CallbackReturnReset$intlevel1                    text88       001B92
_I2C2_CallbackReturnStop                               text89       001B96
_I2C2_CallbackReturnStop$intlevel1                     text89       001BA0
_I2C2_ClearInterruptFlags                              text90       00131C
_I2C2_DO_ADDRESS_NACK                                  text57       000F22
_I2C2_DO_ADDRESS_NACK$intlevel1                        text57       000F2C
_I2C2_DO_BUS_COLLISION                                 text56       000D2E
_I2C2_DO_BUS_COLLISION$intlevel1                       text56       000D38
_I2C2_DO_BUS_ERROR                                     text55       0018E8
_I2C2_DO_BUS_ERROR$intlevel1                           text55       0018F2
_I2C2_DO_IDLE                                          text72       0019AA
_I2C2_DO_IDLE$intlevel1                                text72       0019B4
_I2C2_DO_RESET                                         text58       001902
_I2C2_DO_RESET$intlevel1                               text58       00190C
_I2C2_DO_RX                                            text68       000928
_I2C2_DO_RX$intlevel1                                  text68       000932
_I2C2_DO_RX_ACK                                        text61       001B18
_I2C2_DO_RX_ACK$intlevel1                              text61       001B22
_I2C2_DO_RX_EMPTY                                      text66       00087A
_I2C2_DO_RX_EMPTY$intlevel1                            text66       000884
_I2C2_DO_RX_NACK_RESTART                               text59       001B06
_I2C2_DO_RX_NACK_RESTART$intlevel1                     text59       001B10
_I2C2_DO_RX_NACK_STOP                                  text60       00194E
_I2C2_DO_RX_NACK_STOP$intlevel1                        text60       001958
_I2C2_DO_SEND_ADR_READ                                 text71       0015F4
_I2C2_DO_SEND_ADR_READ$intlevel1                       text71       0015FE
_I2C2_DO_SEND_ADR_WRITE                                text70       001874
_I2C2_DO_SEND_ADR_WRITE$intlevel1                      text70       00187E
_I2C2_DO_SEND_RESTART                                  text63       001B6C
_I2C2_DO_SEND_RESTART$intlevel1                        text63       001B76
_I2C2_DO_SEND_RESTART_READ                             text65       001966
_I2C2_DO_SEND_RESTART_READ$intlevel1                   text65       001970
_I2C2_DO_SEND_RESTART_WRITE                            text64       001B7A
_I2C2_DO_SEND_RESTART_WRITE$intlevel1                  text64       001B84
_I2C2_DO_SEND_STOP                                     text62       001694
_I2C2_DO_SEND_STOP$intlevel1                           text62       00169E
_I2C2_DO_TX                                            text69       000020
_I2C2_DO_TX$3425                                       cstackCOMRAM 000040
_I2C2_DO_TX$intlevel1                                  text69       00002A
_I2C2_DO_TX_ACK                                        text73       001B2A
_I2C2_DO_TX_ACK$intlevel1                              text73       001B34
_I2C2_DO_TX_EMPTY                                      text67       000BA2
_I2C2_DO_TX_EMPTY$intlevel1                            text67       000BAC
_I2C2_Initialize                                       text43       001832
_I2C2_InterruptHandler                                 bssCOMRAM    000005
_I2C2_MasterClearCountFlag                             text96       001CE4
_I2C2_MasterClearIrq                                   text82       001C86
_I2C2_MasterClearNackFlag                              text95       001CDE
_I2C2_MasterClearStopFlag                              text94       001CD8
_I2C2_MasterDisableRestart                             text86       001CD2
_I2C2_MasterEnableRestart@i2c2_master$F3116            text85       001CCC
_I2C2_MasterFsm                                        text54       00107E
_I2C2_MasterGetCounter                                 text76       001CAE
_I2C2_MasterGetRxData@i2c2_master$F3111                text81       001CC6
_I2C2_MasterIsCountFlagSet                             text93       001A2E
_I2C2_MasterIsNack                                     text75       0019D6
_I2C2_MasterIsNackFlagSet                              text92       001A18
_I2C2_MasterIsRxBufFull                                text80       0019EC
_I2C2_MasterIsStopFlagSet                              text91       001A02
_I2C2_MasterIsTxBufEmpty                               text74       0019C0
_I2C2_MasterIsr                                        text53       001B3C
_I2C2_MasterIsr$intlevel1                              text53       001B46
_I2C2_MasterResetBus                                   text87       001C44
_I2C2_MasterSendAck@i2c2_master$F3136                  text79       001CC0
_I2C2_MasterSendNack@i2c2_master$F3141                 text78       001CBA
_I2C2_MasterSendTxData@i2c2_master$F3095               text83       001C30
_I2C2_MasterSetCounter                                 text84       001C3A
_I2C2_MasterStop@i2c2_master$F3126                     text77       001CB4
_I2C2_Status                                           bssBANK0     000060
_INLVLA                                                (abs)        003A44
_INLVLB                                                (abs)        003A54
_INLVLC                                                (abs)        003A64
_INLVLD                                                (abs)        003A74
_INLVLE                                                (abs)        003A84
_INTCON0bits                                           (abs)        003FD2
_INTERRUPT_Initialize                                  text42       001ADE
_INTERRUPT_InterruptManagerHigh                        text97       0006FC
_INTERRUPT_InterruptManagerLow                         text44       000276
_IPR2bits                                              (abs)        003982
_IPR3bits                                              (abs)        003983
_IPR6bits                                              (abs)        003986
_LATA                                                  (abs)        003FBA
_LATAbits                                              (abs)        003FBA
_LATB                                                  (abs)        003FBB
_LATBbits                                              (abs)        003FBB
_LATC                                                  (abs)        003FBC
_LATD                                                  (abs)        003FBD
_LATDbits                                              (abs)        003FBD
_LATE                                                  (abs)        003FBE
_NVMADRL                                               (abs)        0039E0
_NVMCON1                                               (abs)        0039E5
_NVMCON1bits                                           (abs)        0039E5
_NVMCON2                                               (abs)        0039E6
_NVMDAT                                                (abs)        0039E3
_ODCONA                                                (abs)        003A42
_ODCONB                                                (abs)        003A52
_ODCONC                                                (abs)        003A62
_ODCOND                                                (abs)        003A72
_ODCONE                                                (abs)        003A82
_OSCCON1                                               (abs)        0039D9
_OSCCON3                                               (abs)        0039DB
_OSCEN                                                 (abs)        0039DD
_OSCFRQ                                                (abs)        0039DF
_OSCILLATOR_Initialize                                 text41       001936
_OSCTUNE                                               (abs)        0039DE
_PIE3bits                                              (abs)        003993
_PIE5bits                                              (abs)        003995
_PIE6bits                                              (abs)        003996
_PIN_MANAGER_Initialize                                text40       0007C4
_PIR3bits                                              (abs)        0039A3
_PIR5bits                                              (abs)        0039A5
_PIR6bits                                              (abs)        0039A6
_PMD0                                                  (abs)        0039C0
_PMD1                                                  (abs)        0039C1
_PMD2                                                  (abs)        0039C2
_PMD3                                                  (abs)        0039C3
_PMD4                                                  (abs)        0039C4
_PMD5                                                  (abs)        0039C5
_PMD6                                                  (abs)        0039C6
_PMD7                                                  (abs)        0039C7
_PMD_Initialize                                        text39       0017EC
_PORTAbits                                             (abs)        003FCA
_RB1I2C                                                (abs)        003A5A
_RB1PPS                                                (abs)        003A09
_RB2I2C                                                (abs)        003A5B
_RB2PPS                                                (abs)        003A0A
_RB3                                                   (abs)        01FE5B
_RB6PPS                                                (abs)        003A0E
_RC3I2C                                                (abs)        003A6A
_RC4I2C                                                (abs)        003A6B
_RC6PPS                                                (abs)        003A16
_RCV_OFF                                               text22       001C7E
_RCV_ON                                                text16       001C76
_RD0I2C                                                (abs)        003A7A
_RD1I2C                                                (abs)        003A7B
_RHSensor                                              bssBANK0     0000D9
_SLRCONA                                               (abs)        003A43
_SLRCONB                                               (abs)        003A53
_SLRCONC                                               (abs)        003A63
_SLRCOND                                               (abs)        003A73
_SLRCONE                                               (abs)        003A83
_SYSTEM_Initialize                                     text26       001810
_T0CON0                                                (abs)        003FB8
_T0CON0bits                                            (abs)        003FB8
_T0CON1                                                (abs)        003FB9
_TMR0H                                                 (abs)        003FB7
_TMR0L                                                 (abs)        003FB6
_TMR0_CallBack                                         text51       0012C8
_TMR0_DefaultInterruptHandler                          text52       001D42
_TMR0_ISR                                              text50       001AF2
_TMR0_Initialize                                       text37       00149A
_TMR0_InterruptHandler                                 nvBANK0      0000F4
_TMR0_SetInterruptHandler                              text38       001C1C
_TRISA                                                 (abs)        003FC2
_TRISAbits                                             (abs)        003FC2
_TRISB                                                 (abs)        003FC3
_TRISBbits                                             (abs)        003FC3
_TRISC                                                 (abs)        003FC4
_TRISD4                                                (abs)        01FE2C
_TRISDbits                                             (abs)        003FC5
_TRISE                                                 (abs)        003FC6
_TimeOutt                                              bssBANK0     0000A4
_U1BRGH                                                (abs)        003DF6
_U1BRGL                                                (abs)        003DF5
_U1CON0                                                (abs)        003DF2
_U1CON0bits                                            (abs)        003DF2
_U1CON1                                                (abs)        003DF3
_U1CON2                                                (abs)        003DF4
_U1ERRIE                                               (abs)        003DFA
_U1ERRIR                                               (abs)        003DF9
_U1ERRIRbits                                           (abs)        003DF9
_U1FIFO                                                (abs)        003DF7
_U1P1H                                                 (abs)        003DED
_U1P1L                                                 (abs)        003DEC
_U1P2H                                                 (abs)        003DEF
_U1P2L                                                 (abs)        003DEE
_U1P3H                                                 (abs)        003DF1
_U1P3L                                                 (abs)        003DF0
_U1RXB                                                 (abs)        003DE8
_U1RXPPS                                               (abs)        003AE5
_U1TXB                                                 (abs)        003DEA
_U1UIR                                                 (abs)        003DF8
_U2BRGH                                                (abs)        003DDE
_U2BRGL                                                (abs)        003DDD
_U2CON0                                                (abs)        003DDA
_U2CON0bits                                            (abs)        003DDA
_U2CON1                                                (abs)        003DDB
_U2CON2                                                (abs)        003DDC
_U2ERRIE                                               (abs)        003DE2
_U2ERRIR                                               (abs)        003DE1
_U2ERRIRbits                                           (abs)        003DE1
_U2FIFO                                                (abs)        003DDF
_U2P1L                                                 (abs)        003DD4
_U2P2L                                                 (abs)        003DD6
_U2P3L                                                 (abs)        003DD8
_U2RXB                                                 (abs)        003DD0
_U2RXPPS                                               (abs)        003AE8
_U2TXB                                                 (abs)        003DD2
_U2UIR                                                 (abs)        003DE0
_UART1_DefaultErrorHandler                             (abs)        000000
_UART1_DefaultFramingErrorHandler                      (abs)        000000
_UART1_DefaultOverrunErrorHandler                      (abs)        000000
_UART1_ErrorHandler                                    nvBANK1      0001FC
_UART1_FramingErrorHandler                             nvBANK0      0000F2
_UART1_Initialize                                      text32       000B12
_UART1_OverrunErrorHandler                             nvBANK1      0001FE
_UART1_Receive_ISR                                     text142      0017A0
_UART1_RxDataHandler                                   text143      001C6C
_UART1_RxInterruptHandler                              nvBANK0      0000F6
_UART1_SetErrorHandler                                 text36       001C12
_UART1_SetFramingErrorHandler                          text35       001C08
_UART1_SetOverrunErrorHandler                          text34       001BFE
_UART1_SetRxInterruptHandler                           text33       001BF4
_UART1_Write                                           text20       0011BA
_UART1_is_tx_done                                      text21       001994
_UART2_DefaultErrorHandler                             (abs)        000000
_UART2_DefaultFramingErrorHandler                      (abs)        000000
_UART2_DefaultOverrunErrorHandler                      (abs)        000000
_UART2_ErrorHandler                                    nvBANK2      0002FE
_UART2_FramingErrorHandler                             nvBANK1      0001FA
_UART2_Initialize                                      text27       000C2A
_UART2_OverrunErrorHandler                             nvBANK1      0001F8
_UART2_Receive_ISR                                     text45       001750
_UART2_RxDataHandler                                   text46       001C26
_UART2_RxInterruptHandler                              nvBANK0      0000F8
_UART2_SetErrorHandler                                 text31       001BEA
_UART2_SetFramingErrorHandler                          text30       001BE0
_UART2_SetOverrunErrorHandler                          text29       001BD6
_UART2_SetRxInterruptHandler                           text28       001BCC
_UART2_Write                                           text25       00140C
_WPUA                                                  (abs)        003A41
_WPUB                                                  (abs)        003A51
_WPUC                                                  (abs)        003A61
_WPUD                                                  (abs)        003A71
_WPUE                                                  (abs)        003A81
__HRAM                                                 (abs)        000000
__Habs1                                                abs1         000000
__Hbank0                                               bank0        000000
__Hbank1                                               bank1        000000
__Hbank2                                               bank2        000000
__Hbank3                                               bank3        000000
__Hbank4                                               bank4        000000
__Hbank5                                               bank5        000000
__Hbank6                                               bank6        000000
__Hbank7                                               bank7        000000
__Hbigbss                                              bigbss       000000
__Hbigdata                                             bigdata      000000
__Hbigram                                              bigram       000000
__Hbss                                                 bss          000000
__HbssBANK0                                            bssBANK0     000000
__HbssBANK1                                            bssBANK1     000000
__HbssBANK2                                            bssBANK2     000000
__HbssBANK3                                            bssBANK3     000000
__HbssBANK4                                            bssBANK4     000000
__HbssBANK5                                            bssBANK5     000000
__HbssBIGRAM                                           bssBIGRAM    000000
__HbssCOMRAM                                           bssCOMRAM    000000
__Hcinit                                               cinit        000000
__Hclrtext                                             clrtext      000000
__Hcomram                                              comram       000000
__Hconfig                                              config       30000A
__Hconst                                               const        000000
__HcstackBANK0                                         cstackBANK0  000000
__HcstackBANK2                                         cstackBANK2  000000
__HcstackBANK3                                         cstackBANK3  000000
__HcstackCOMRAM                                        cstackCOMRAM 000000
__Hdata                                                data         000000
__HdataBANK0                                           dataBANK0    000000
__HdataBANK1                                           dataBANK1    000000
__HdataCOMRAM                                          dataCOMRAM   000000
__Heeprom_data                                         eeprom_data  000000
__Hfarbss                                              farbss       000000
__Hfardata                                             fardata      000000
__Hibigdata                                            ibigdata     000000
__Hidata                                               idata        000000
__HidataBANK0                                          idataBANK0   000000
__HidataBANK1                                          idataBANK1   000000
__HidataCOMRAM                                         idataCOMRAM  000000
__Hidloc                                               idloc        200010
__Hifardata                                            ifardata     000000
__Hinit                                                init         000020
__Hintsave_regs                                        intsave_regs 000000
__Hirdata                                              irdata       000000
__Hivt0x8                                              ivt0x8       00001C
__Hmediumconst                                         mediumconst  008000
__HnvBANK0                                             nvBANK0      000000
__HnvBANK1                                             nvBANK1      000000
__HnvBANK2                                             nvBANK2      000000
__HnvCOMRAM                                            nvCOMRAM     000000
__HnvFARRAM                                            nvFARRAM     000000
__Hnvbit                                               nvbit        000000
__Hnvrram                                              nvrram       000000
__Hparam                                               rparam       000000
__Hpowerup                                             powerup      000000
__Hram                                                 ram          000000
__Hramtop                                              ramtop       000800
__Hrbit                                                rbit         000000
__Hrbss                                                rbss         000000
__Hrdata                                               rdata        000000
__Hreset_vec                                           reset_vec    000004
__Hrparam                                              rparam       000000
__Hsfr                                                 sfr          000000
__Hsmallconst                                          smallconst   000000
__Hspace_0                                             (abs)        008000
__Hspace_1                                             (abs)        000701
__Hspace_2                                             (abs)        000000
__Hspace_4                                             (abs)        60000A
__Hstack                                               stack        000000
__Hstruct                                              struct       000000
__Htemp                                                temp         000000
__Htext                                                text         000000
__Htext0                                               text0        000000
__Htext1                                               text1        000000
__Htext10                                              text10       000000
__Htext100                                             text100      000000
__Htext101                                             text101      000000
__Htext102                                             text102      000000
__Htext103                                             text103      000000
__Htext104                                             text104      000000
__Htext105                                             text105      000000
__Htext106                                             text106      000000
__Htext107                                             text107      000000
__Htext108                                             text108      000000
__Htext109                                             text109      000000
__Htext11                                              text11       000000
__Htext110                                             text110      000000
__Htext111                                             text111      000000
__Htext112                                             text112      000000
__Htext113                                             text113      000000
__Htext114                                             text114      000000
__Htext115                                             text115      000000
__Htext116                                             text116      000000
__Htext117                                             text117      000000
__Htext118                                             text118      000000
__Htext119                                             text119      000000
__Htext12                                              text12       000000
__Htext120                                             text120      000000
__Htext121                                             text121      000000
__Htext122                                             text122      000000
__Htext123                                             text123      000000
__Htext124                                             text124      000000
__Htext125                                             text125      000000
__Htext126                                             text126      000000
__Htext127                                             text127      000000
__Htext128                                             text128      000000
__Htext129                                             text129      000000
__Htext13                                              text13       000000
__Htext130                                             text130      000000
__Htext131                                             text131      000000
__Htext132                                             text132      000000
__Htext133                                             text133      000000
__Htext134                                             text134      000000
__Htext135                                             text135      000000
__Htext136                                             text136      000000
__Htext137                                             text137      000000
__Htext138                                             text138      000000
__Htext139                                             text139      000000
__Htext14                                              text14       000000
__Htext140                                             text140      000000
__Htext141                                             text141      000000
__Htext142                                             text142      000000
__Htext143                                             text143      000000
__Htext144                                             text144      000000
__Htext145                                             text145      000000
__Htext146                                             text146      000000
__Htext147                                             text147      000000
__Htext15                                              text15       000000
__Htext16                                              text16       000000
__Htext17                                              text17       000000
__Htext18                                              text18       000000
__Htext19                                              text19       000000
__Htext2                                               text2        000000
__Htext20                                              text20       000000
__Htext21                                              text21       000000
__Htext22                                              text22       000000
__Htext23                                              text23       000000
__Htext24                                              text24       000000
__Htext25                                              text25       000000
__Htext26                                              text26       000000
__Htext27                                              text27       000000
__Htext28                                              text28       000000
__Htext29                                              text29       000000
__Htext3                                               text3        000000
__Htext30                                              text30       000000
__Htext31                                              text31       000000
__Htext32                                              text32       000000
__Htext33                                              text33       000000
__Htext34                                              text34       000000
__Htext35                                              text35       000000
__Htext36                                              text36       000000
__Htext37                                              text37       000000
__Htext38                                              text38       000000
__Htext39                                              text39       000000
__Htext4                                               text4        000000
__Htext40                                              text40       000000
__Htext41                                              text41       000000
__Htext42                                              text42       000000
__Htext43                                              text43       000000
__Htext44                                              text44       000000
__Htext45                                              text45       000000
__Htext46                                              text46       000000
__Htext47                                              text47       000000
__Htext48                                              text48       000000
__Htext49                                              text49       000000
__Htext5                                               text5        000000
__Htext50                                              text50       000000
__Htext51                                              text51       000000
__Htext52                                              text52       000000
__Htext53                                              text53       000000
__Htext54                                              text54       000000
__Htext55                                              text55       000000
__Htext56                                              text56       000000
__Htext57                                              text57       000000
__Htext58                                              text58       000000
__Htext59                                              text59       000000
__Htext6                                               text6        000000
__Htext60                                              text60       000000
__Htext61                                              text61       000000
__Htext62                                              text62       000000
__Htext63                                              text63       000000
__Htext64                                              text64       000000
__Htext65                                              text65       000000
__Htext66                                              text66       000000
__Htext67                                              text67       000000
__Htext68                                              text68       000000
__Htext69                                              text69       000000
__Htext7                                               text7        000000
__Htext70                                              text70       000000
__Htext71                                              text71       000000
__Htext72                                              text72       000000
__Htext73                                              text73       000000
__Htext74                                              text74       000000
__Htext75                                              text75       000000
__Htext76                                              text76       000000
__Htext77                                              text77       000000
__Htext78                                              text78       000000
__Htext79                                              text79       000000
__Htext8                                               text8        000000
__Htext80                                              text80       000000
__Htext81                                              text81       000000
__Htext82                                              text82       000000
__Htext83                                              text83       000000
__Htext84                                              text84       000000
__Htext85                                              text85       000000
__Htext86                                              text86       000000
__Htext87                                              text87       000000
__Htext88                                              text88       000000
__Htext89                                              text89       000000
__Htext9                                               text9        000000
__Htext90                                              text90       000000
__Htext91                                              text91       000000
__Htext92                                              text92       000000
__Htext93                                              text93       000000
__Htext94                                              text94       000000
__Htext95                                              text95       000000
__Htext96                                              text96       000000
__Htext97                                              text97       000000
__Htext98                                              text98       000000
__Htext99                                              text99       000000
__LRAM                                                 (abs)        000001
__Labs1                                                abs1         000000
__Lbank0                                               bank0        000000
__Lbank1                                               bank1        000000
__Lbank2                                               bank2        000000
__Lbank3                                               bank3        000000
__Lbank4                                               bank4        000000
__Lbank5                                               bank5        000000
__Lbank6                                               bank6        000000
__Lbank7                                               bank7        000000
__Lbigbss                                              bigbss       000000
__Lbigdata                                             bigdata      000000
__Lbigram                                              bigram       000000
__Lbss                                                 bss          000000
__LbssBANK0                                            bssBANK0     000000
__LbssBANK1                                            bssBANK1     000000
__LbssBANK2                                            bssBANK2     000000
__LbssBANK3                                            bssBANK3     000000
__LbssBANK4                                            bssBANK4     000000
__LbssBANK5                                            bssBANK5     000000
__LbssBIGRAM                                           bssBIGRAM    000000
__LbssCOMRAM                                           bssCOMRAM    000000
__Lcinit                                               cinit        000000
__Lclrtext                                             clrtext      000000
__Lcomram                                              comram       000000
__Lconfig                                              config       000000
__Lconst                                               const        000000
__LcstackBANK0                                         cstackBANK0  000000
__LcstackBANK2                                         cstackBANK2  000000
__LcstackBANK3                                         cstackBANK3  000000
__LcstackCOMRAM                                        cstackCOMRAM 000000
__Ldata                                                data         000000
__LdataBANK0                                           dataBANK0    000000
__LdataBANK1                                           dataBANK1    000000
__LdataCOMRAM                                          dataCOMRAM   000000
__Leeprom_data                                         eeprom_data  000000
__Lfarbss                                              farbss       000000
__Lfardata                                             fardata      000000
__Libigdata                                            ibigdata     000000
__Lidata                                               idata        000000
__LidataBANK0                                          idataBANK0   000000
__LidataBANK1                                          idataBANK1   000000
__LidataCOMRAM                                         idataCOMRAM  000000
__Lidloc                                               idloc        000000
__Lifardata                                            ifardata     000000
__Linit                                                init         00001C
__Lintsave_regs                                        intsave_regs 000000
__Lirdata                                              irdata       000000
__Livt0x8                                              ivt0x8       000008
__Lmediumconst                                         mediumconst  007DBE
__LnvBANK0                                             nvBANK0      000000
__LnvBANK1                                             nvBANK1      000000
__LnvBANK2                                             nvBANK2      000000
__LnvCOMRAM                                            nvCOMRAM     000000
__LnvFARRAM                                            nvFARRAM     000000
__Lnvbit                                               nvbit        000000
__Lnvrram                                              nvrram       000000
__Lparam                                               rparam       000000
__Lpowerup                                             powerup      000000
__Lram                                                 ram          000000
__Lramtop                                              ramtop       000800
__Lrbit                                                rbit         000000
__Lrbss                                                rbss         000000
__Lrdata                                               rdata        000000
__Lreset_vec                                           reset_vec    000000
__Lrparam                                              rparam       000000
__Lsfr                                                 sfr          000000
[...]
_tick_time1                                            bssBANK0     0000B4
_time_out_i2c                                          bssBANK0     0000B8
_timeout                                               bssCOMRAM    000013
_timer0ReloadVal16bit                                  nvCOMRAM     000049
_timer_modbus                                          bssCOMRAM    000003
_timer_out_data_rf                                     bssBANK0     00008C
_timer_tick                                            bssBANK0     0000B0
_timer_tick_sum                                        bssBANK0     0000AC
_transfer_data                                         bssBANK1     000100
_typeData                                              bssBANK0     0000A8
_typeOfData                                            bssCOMRAM    00001E
_typeSensor                                            bssBANK0     0000DA
_uart1RxBuffer                                         bssBANK1     0001D4
_uart1RxCount                                          bssCOMRAM    000029
_uart1RxHead                                           bssCOMRAM    00002B
_uart1RxLastError                                      bssCOMRAM    000028
_uart1RxStatusBuffer                                   bssBANK1     0001CC
_uart1RxTail                                           bssCOMRAM    00002A
_uart2RxBuffer                                         bssBANK1     0001C4
_uart2RxCount                                          bssCOMRAM    000025
_uart2RxHead                                           bssCOMRAM    000027
_uart2RxLastError                                      bssCOMRAM    000024
_uart2RxStatusBuffer                                   bssBANK1     0001BC
_uart2RxTail                                           bssCOMRAM    000026
end_of_initialization                                  cinit        0006F2
i1_modbus_calc_crc                                     text49       001662
i1_modbus_enable_timeout                               text48       0018CE
i1modbus_calc_crc@data                                 cstackCOMRAM 00003C
i1modbus_calc_crc@uIndex                               cstackCOMRAM 00003D
i1modbus_enable_timeout@enable                         cstackCOMRAM 00003C
i2I2C2_CallbackReturnReset@funPtr                      cstackCOMRAM 000030
i2I2C2_DO_RX@retFsmState                               cstackCOMRAM 000032
i2I2C2_DO_TX@dataTx                                    cstackCOMRAM 000036
i2I2C2_DO_TX@retFsmState                               cstackCOMRAM 000037
i2I2C2_MasterSendTxData@i2c2_master$F3095@data         cstackCOMRAM 000030
i2I2C2_MasterSetCounter@counter                        cstackCOMRAM 000030
i2_I2C2_CallbackReturnReset                            text133      001D34
i2_I2C2_CallbackReturnStop                             text134      001D38
i2_I2C2_ClearInterruptFlags                            text135      00136E
i2_I2C2_DO_ADDRESS_NACK                                text102      001010
i2_I2C2_DO_BUS_COLLISION                               text101      000F9A
i2_I2C2_DO_BUS_ERROR                                   text100      001B4C
i2_I2C2_DO_IDLE                                        text117      001BC0
i2_I2C2_DO_RESET                                       text103      001B5C
i2_I2C2_DO_RX                                          text113      000A74
i2_I2C2_DO_RX_ACK                                      text106      001C96
i2_I2C2_DO_RX_EMPTY                                    text111      0009D0
i2_I2C2_DO_RX_NACK_RESTART                             text104      001C8E
i2_I2C2_DO_RX_NACK_STOP                                text105      001BA4
i2_I2C2_DO_SEND_ADR_READ                               text116      0016F8
i2_I2C2_DO_SEND_ADR_WRITE                              text115      001A44
i2_I2C2_DO_SEND_RESTART                                text108      001D2C
i2_I2C2_DO_SEND_RESTART_READ                           text110      001BB2
i2_I2C2_DO_SEND_RESTART_WRITE                          text109      001D30
i2_I2C2_DO_SEND_STOP                                   text107      001778
i2_I2C2_DO_TX                                          text114      000150
i2_I2C2_DO_TX$3425                                     cstackCOMRAM 000034
i2_I2C2_DO_TX_ACK                                      text118      001C9E
i2_I2C2_DO_TX_EMPTY                                    text112      000DAE
i2_I2C2_MasterClearCountFlag                           text141      001D26
i2_I2C2_MasterClearIrq                                 text127      001CA6
i2_I2C2_MasterClearNackFlag                            text140      001D20
i2_I2C2_MasterClearStopFlag                            text139      001D1A
i2_I2C2_MasterDisableRestart                           text131      001D14
i2_I2C2_MasterEnableRestart@i2c2_master$F3116          text130      001D0E
i2_I2C2_MasterFsm                                      text99       0010E8
i2_I2C2_MasterGetCounter                               text121      001CF0
i2_I2C2_MasterGetRxData@i2c2_master$F3111              text126      001D08
i2_I2C2_MasterIsCountFlagSet                           text138      001AC8
i2_I2C2_MasterIsNack                                   text120      001A70
i2_I2C2_MasterIsNackFlagSet                            text137      001AB2
i2_I2C2_MasterIsRxBufFull                              text125      001A86
i2_I2C2_MasterIsStopFlagSet                            text136      001A9C
i2_I2C2_MasterIsTxBufEmpty                             text119      001A5A
i2_I2C2_MasterIsr                                      text98       001CEA
i2_I2C2_MasterResetBus                                 text132      001C62
i2_I2C2_MasterSendAck@i2c2_master$F3136                text124      001D02
i2_I2C2_MasterSendNack@i2c2_master$F3141               text123      001CFC
i2_I2C2_MasterSendTxData@i2c2_master$F3095             text128      001C4E
i2_I2C2_MasterSetCounter                               text129      001C58
i2_I2C2_MasterStop@i2c2_master$F3126                   text122      001CF6
i2_modbus_calc_crc                                     text146      0016C6
i2_modbus_enable_timeout                               text145      00191C
i2modbus_calc_crc@data                                 cstackCOMRAM 000030
i2modbus_calc_crc@uIndex                               cstackCOMRAM 000031
i2modbus_enable_timeout@enable                         cstackCOMRAM 000030
intlevel0                                              text         000000
intlevel1                                              text         000000
intlevel2                                              text         000000
intlevel3                                              text         000000
isa$std                                                (abs)        000001
isa$xinst                                              (abs)        000000
ivt0x8_base                                            ivt0x8       000008
make16@high                                            cstackBANK3  000384
make16@low                                             cstackBANK2  0002FA
make16@value                                           cstackBANK3  000385
modbusReceivedDataLoRa@c                               cstackCOMRAM 00003E
modbusReceivedDataRS485@c                              cstackCOMRAM 000034
modbus_calc_crc@data                                   cstackBANK2  0002FA
modbus_calc_crc@uIndex                                 cstackBANK2  0002FB
modbus_enable_timeout@enable                           cstackBANK0  0000FF
modbus_exception_rsp@address                           cstackBANK3  000389
modbus_exception_rsp@error                             cstackBANK3  000388
modbus_exception_rsp@func                              cstackBANK3  000386
modbus_read_coils_rsp@address                          cstackBANK3  000389
modbus_read_coils_rsp@byte_count                       cstackBANK3  000386
modbus_read_coils_rsp@coil_data                        cstackBANK3  000387
modbus_read_coils_rsp@i                                cstackBANK3  00038A
modbus_read_discrete_input_rsp@address                 cstackBANK3  000389
modbus_read_discrete_input_rsp@byte_count              cstackBANK3  000386
modbus_read_discrete_input_rsp@i                       cstackBANK3  00038A
modbus_read_discrete_input_rsp@input_data              cstackBANK3  000387
modbus_read_holding_registers_rsp@address              cstackBANK3  00038B
modbus_read_holding_registers_rsp@byte_count           cstackBANK3  000386
modbus_read_holding_registers_rsp@i                    cstackBANK3  00038C
modbus_read_holding_registers_rsp@reg_data             cstackBANK3  000387
modbus_serial_putc@c                                   cstackBANK0  0000FF
modbus_serial_send_start@func                          cstackBANK2  0002FD
modbus_serial_send_start@to                            cstackBANK3  000380
modbus_serial_send_stop@crc_high                       cstackBANK3  000385
modbus_serial_send_stop@crc_low                        cstackBANK3  000384
modbus_serial_send_stop@j                              cstackBANK3  000380
modbus_write_multiple_coils_rsp@address                cstackBANK3  00038B
modbus_write_multiple_coils_rsp@quantity               cstackBANK3  000389
modbus_write_multiple_coils_rsp@start_address          cstackBANK3  000387
modbus_write_multiple_registers_rsp@address            cstackBANK3  00038B
modbus_write_multiple_registers_rsp@quantity           cstackBANK3  000389
modbus_write_multiple_registers_rsp@start_address      cstackBANK3  000387
modbus_write_single_coil_rsp@address                   cstackBANK3  00038B
modbus_write_single_coil_rsp@output_address            cstackBANK3  000387
modbus_write_single_coil_rsp@output_value              cstackBANK3  000389
modbus_write_single_register_rsp@address               cstackBANK3  00038B
modbus_write_single_register_rsp@reg_address           cstackBANK3  000387
modbus_write_single_register_rsp@reg_value             cstackBANK3  000389
saveToEEPROM@position                                  cstackBANK0  0000FF
stackhi                                                (abs)        0007FF
stacklo                                                (abs)        000701
start                                                  init         00001C
start_initialization                                   cinit        000620


MODULE INFORMATION

Module		Function		Class		Link	Load	Size
C:\Program Files\Microchip\xc8\v2.32\pic\sources\c99\common\awdiv.c
		___awdiv       		CODE           	053C	0000	228

C:\Program Files\Microchip\xc8\v2.32\pic\sources\c99\common\awdiv.c estimated size: 228

mcc_generated_files/uart2.c
		_UART2_RxDataHandler		CODE           	1C26	0000	10
		_UART2_Write   		CODE           	140C	0000	74
		_UART2_SetFramingErrorHandler		CODE           	1BE0	0000	10
		_UART2_SetOverrunErrorHandler		CODE           	1BD6	0000	10
		_UART2_Receive_ISR		CODE           	1750	0000	40
		_UART2_SetRxInterruptHandler		CODE           	1BCC	0000	10
		_UART2_Initialize		CODE           	0C2A	0000	132
		_UART2_SetErrorHandler		CODE           	1BEA	0000	10

mcc_generated_files/uart2.c estimated size: 296

mcc_generated_files/interrupt_manager.c
		_INTERRUPT_Initialize		CODE           	1ADE	0000	20
		_INTERRUPT_InterruptManagerLow		CODE           	0276	0000	248
		_INTERRUPT_InterruptManagerHigh		CODE           	06FC	0000	200

mcc_generated_files/interrupt_manager.c estimated size: 468

mcc_generated_files/tmr0.c
		_TMR0_SetInterruptHandler		CODE           	1C1C	0000	10
		_TMR0_DefaultInterruptHandler		CODE           	1D42	0000	2
		_TMR0_CallBack 		CODE           	12C8	0000	84
		_TMR0_ISR      		CODE           	1AF2	0000	20
		_TMR0_Initialize		CODE           	149A	0000	64

mcc_generated_files/tmr0.c estimated size: 180

mcc_generated_files/pin_manager.c
		_PIN_MANAGER_Initialize		CODE           	07C4	0000	182

mcc_generated_files/pin_manager.c estimated size: 182

../modbus/i2c2_master.c
		_I2C2_MasterResetBus		CODE           	1C44	0000	10
		_I2C2_MasterIsCountFlagSet		CODE           	1A2E	0000	22
		_I2C2_DO_SEND_ADR_READ		CODE           	15F4	0000	56
		_I2C2_DO_RX_NACK_STOP		CODE           	194E	0000	24
		_I2C2_MasterStop@i2c2_master$F3126		CODE           	1CB4	0000	6
		_I2C2_DO_SEND_RESTART		CODE           	1B6C	0000	14
		_I2C2_MasterIsNackFlagSet		CODE           	1A18	0000	22
		_I2C2_DO_RX_EMPTY		CODE           	087A	0000	174
		_I2C2_DO_TX_EMPTY		CODE           	0BA2	0000	136
		_I2C2_DO_SEND_RESTART_READ		CODE           	1966	0000	24
		_I2C2_MasterClearNackFlag		CODE           	1CDE	0000	6
		_I2C2_CallbackReturnStop		CODE           	1B96	0000	14
		_I2C2_DO_RX    		CODE           	0928	0000	168
		_I2C2_DO_TX    		CODE           	0020	0000	304
		_I2C2_DO_IDLE  		CODE           	19AA	0000	22
		_I2C2_MasterGetRxData@i2c2_master$F3111		CODE           	1CC6	0000	6
		_I2C2_MasterIsStopFlagSet		CODE           	1A02	0000	22
		_I2C2_CallbackReturnReset		CODE           	1B88	0000	14
		_I2C2_DO_RESET 		CODE           	1902	0000	26
		_I2C2_MasterSendTxData@i2c2_master$F3095		CODE           	1C30	0000	10
		_I2C2_DO_RX_ACK		CODE           	1B18	0000	18
		_I2C2_DO_TX_ACK		CODE           	1B2A	0000	18
		_I2C2_DO_RX_NACK_RESTART		CODE           	1B06	0000	18
		_I2C2_ClearInterruptFlags		CODE           	131C	0000	82
		_I2C2_MasterClearStopFlag		CODE           	1CD8	0000	6
		_I2C2_MasterGetCounter		CODE           	1CAE	0000	6
		_I2C2_MasterSetCounter		CODE           	1C3A	0000	10
		_I2C2_DO_ADDRESS_NACK		CODE           	0F22	0000	120
		_I2C2_MasterDisableRestart		CODE           	1CD2	0000	6
		_I2C2_MasterClearCountFlag		CODE           	1CE4	0000	6
		_I2C2_DO_SEND_RESTART_WRITE		CODE           	1B7A	0000	14
		_I2C2_MasterIsTxBufEmpty		CODE           	19C0	0000	22
		_I2C2_Initialize		CODE           	1832	0000	34
		_I2C2_MasterIsRxBufFull		CODE           	19EC	0000	22
		_I2C2_MasterIsNack		CODE           	19D6	0000	22
		_I2C2_MasterEnableRestart@i2c2_master$F3116		CODE           	1CCC	0000	6
		_I2C2_DO_SEND_ADR_WRITE		CODE           	1874	0000	32
		_I2C2_MasterClearIrq		CODE           	1C86	0000	8
		_I2C2_MasterSendNack@i2c2_master$F3141		CODE           	1CBA	0000	6
		_I2C2_DO_SEND_STOP		CODE           	1694	0000	50
		_I2C2_DO_BUS_COLLISION		CODE           	0D2E	0000	128
		_I2C2_DO_BUS_ERROR		CODE           	18E8	0000	26
		_I2C2_MasterFsm		CODE           	107E	0000	106
		_I2C2_MasterIsr		CODE           	1B3C	0000	16
		_I2C2_MasterSendAck@i2c2_master$F3136		CODE           	1CC0	0000	6

../modbus/i2c2_master.c estimated size: 1868

../modbus/modbus_app_layer_slave.c
		_modbus_read_discrete_input_rsp		CODE           	121C	0000	86
		_modbus_write_single_coil_rsp		CODE           	154C	0000	56
		_modbus_read_holding_registers_rsp		CODE           	0CAE	0000	128
		_modbus_write_multiple_registers_rsp		CODE           	1584	0000	56
		_modbus_init   		CODE           	1854	0000	32
		_modbus_kbhit  		CODE           	13C0	0000	76
		_modbus_exception_rsp		CODE           	17C8	0000	36
		_modbus_read_coils_rsp		CODE           	1272	0000	86
		_modbus_write_single_register_rsp		CODE           	1514	0000	56
		_modbus_write_multiple_coils_rsp		CODE           	15BC	0000	56

../modbus/modbus_app_layer_slave.c estimated size: 668

mcc_generated_files/uart1.c
		_UART1_Write   		CODE           	11BA	0000	98
		_UART1_SetFramingErrorHandler		CODE           	1C08	0000	10
		_UART1_SetOverrunErrorHandler		CODE           	1BFE	0000	10
		_UART1_Receive_ISR		CODE           	17A0	0000	40
		_UART1_SetRxInterruptHandler		CODE           	1BF4	0000	10
		_UART1_is_tx_done		CODE           	1994	0000	22
		_UART1_Initialize		CODE           	0B12	0000	144
		_UART1_SetErrorHandler		CODE           	1C12	0000	10
		_UART1_RxDataHandler		CODE           	1C6C	0000	10

mcc_generated_files/uart1.c estimated size: 354

../modbus/modbus_phy_layer_rtu_slave.c
		_modbus_serial_send_stop		CODE           	0E2C	0000	124
		_modbus_check_timeout		CODE           	1456	0000	68
		_modbusReceivedDataLoRa		CODE           	0456	0000	230
		_RCV_OFF       		CODE           	1C7E	0000	8
		_modbusReceivedDataRS485		CODE           	036E	0000	232
		_modbus_timeout_now		CODE           	1152	0000	104
		_modbus_serial_send_start		CODE           	1726	0000	42
		_modbus_enable_timeout		CODE           	1894	0000	30
		_RCV_ON        		CODE           	1C76	0000	8
		_modbus_calc_crc		CODE           	162C	0000	54
		_modbus_serial_putc		CODE           	197E	0000	22

../modbus/modbus_phy_layer_rtu_slave.c estimated size: 922

shared
		i2_I2C2_MasterClearCountFlag		CODE           	1D26	0000	6
		i2_I2C2_DO_RX_ACK		CODE           	1C96	0000	8
		i2_I2C2_DO_TX_ACK		CODE           	1C9E	0000	8
		i2_I2C2_ClearInterruptFlags		CODE           	136E	0000	82
		i2_I2C2_MasterGetRxData@i2c2_master$F3111		CODE           	1D08	0000	6
		i2_I2C2_MasterGetCounter		CODE           	1CF0	0000	6
		i2_I2C2_DO_SEND_ADR_WRITE		CODE           	1A44	0000	22
		i2_I2C2_MasterSetCounter		CODE           	1C58	0000	10
		i2_I2C2_MasterClearStopFlag		CODE           	1D1A	0000	6
		i2_I2C2_DO_SEND_STOP		CODE           	1778	0000	40
		i2_I2C2_MasterIsTxBufEmpty		CODE           	1A5A	0000	22
		i2_I2C2_MasterClearIrq		CODE           	1CA6	0000	8
		i2_I2C2_DO_BUS_COLLISION		CODE           	0F9A	0000	118
		i2_I2C2_DO_RX_NACK_RESTART		CODE           	1C8E	0000	8
		i2_I2C2_DO_BUS_ERROR		CODE           	1B4C	0000	16
		i2_I2C2_DO_SEND_RESTART_READ		CODE           	1BB2	0000	14
		i2_I2C2_MasterEnableRestart@i2c2_master$F3116		CODE           	1D0E	0000	6
		i2_I2C2_DO_SEND_RESTART_WRITE		CODE           	1D30	0000	4
		i2_I2C2_DO_ADDRESS_NACK		CODE           	1010	0000	110
		i2_I2C2_CallbackReturnReset		CODE           	1D34	0000	4
		i2_I2C2_DO_RX  		CODE           	0A74	0000	158
		i2_I2C2_DO_TX  		CODE           	0150	0000	294
		i2_I2C2_MasterIsRxBufFull		CODE           	1A86	0000	22
		_modbus_auchCRCHi		MEDIUMCONST    	7EBF	0000	256
		i2_I2C2_MasterFsm		CODE           	10E8	0000	106
		i2_I2C2_MasterIsr		CODE           	1CEA	0000	6
		_modbus_auchCRCLo		MEDIUMCONST    	7DBF	0000	256
		i1_modbus_enable_timeout		CODE           	18CE	0000	26
		i2_I2C2_DO_IDLE		CODE           	1BC0	0000	12
		i2_modbus_enable_timeout		CODE           	191C	0000	26
		i2_I2C2_MasterClearNackFlag		CODE           	1D20	0000	6
		__initialization		CODE           	0620	0000	210
		i2_I2C2_MasterIsCountFlagSet		CODE           	1AC8	0000	22
		i2_I2C2_MasterIsStopFlagSet		CODE           	1A9C	0000	22
		i1_modbus_calc_crc		CODE           	1662	0000	50
		i2_modbus_calc_crc		CODE           	16C6	0000	50
		i2_I2C2_MasterSendAck@i2c2_master$F3136		CODE           	1D02	0000	6
		i2_I2C2_MasterResetBus		CODE           	1C62	0000	10
		i2_I2C2_DO_RESET		CODE           	1B5C	0000	16
		i2_I2C2_DO_SEND_ADR_READ		CODE           	16F8	0000	46
		i2_I2C2_MasterSendTxData@i2c2_master$F3095		CODE           	1C4E	0000	10
		i2_I2C2_DO_RX_NACK_STOP		CODE           	1BA4	0000	14
		_i2c2_fsmStateTable		MEDIUMCONST    	7FBF	0000	38
		i2_I2C2_MasterIsNackFlagSet		CODE           	1AB2	0000	22
		i2_I2C2_DO_SEND_RESTART		CODE           	1D2C	0000	4
		i2_I2C2_MasterDisableRestart		CODE           	1D14	0000	6
		i2_I2C2_DO_RX_EMPTY		CODE           	09D0	0000	164
		i2_I2C2_DO_TX_EMPTY		CODE           	0DAE	0000	126
		i2_I2C2_CallbackReturnStop		CODE           	1D38	0000	4
		i2_I2C2_MasterStop@i2c2_master$F3126		CODE           	1CF6	0000	6
		_DELTA         		MEDIUMCONST    	7FE5	0000	4
		i2_I2C2_MasterIsNack		CODE           	1A70	0000	22
		i2_I2C2_MasterSendNack@i2c2_master$F3141		CODE           	1CFC	0000	6

shared estimated size: 2530

mcc_generated_files/mcc.c
		_PMD_Initialize		CODE           	17EC	0000	36
		_OSCILLATOR_Initialize		CODE           	1936	0000	24
		_SYSTEM_Initialize		CODE           	1810	0000	34

mcc_generated_files/mcc.c estimated size: 94

main.c
		_main          		CODE           	0EA8	0000	122
		_saveToEEPROM  		CODE           	1D40	0000	2
		_make16        		CODE           	14DA	0000	58

main.c estimated size: 182

